Gikk inn i C:\Program Files\Git og dobbeltklikket på git-cmd.exe


C:\Program Files\Git>cd C:\Users\knnae\Django\Udemy\wordcount-project

C:\Users\knnae\Django\Udemy\wordcount-project>git init
Initialized empty Git repository in C:/Users/knnae/Django/Udemy/wordcount-project/.git/

C:\Users\knnae\Django\Udemy\wordcount-project>git status
On branch master

No commits yet

Untracked files:
  (use "git add <file>..." to include in what will be committed)
        db.sqlite3
        manage.py
        templates/
        wordcount/

nothing added to commit but untracked files present (use "git add" to track)

C:\Users\knnae\Django\Udemy\wordcount-project>git add -A

C:\Users\knnae\Django\Udemy\wordcount-project>git status
On branch master

No commits yet

Changes to be committed:
  (use "git rm --cached <file>..." to unstage)
        new file:   db.sqlite3
        new file:   manage.py
        new file:   templates/about.html
        new file:   templates/count.html
        new file:   templates/home.html
        new file:   wordcount/__init__.py
        new file:   wordcount/__pycache__/__init__.cpython-36.pyc
        new file:   wordcount/__pycache__/settings.cpython-36.pyc
        new file:   wordcount/__pycache__/urls.cpython-36.pyc
        new file:   wordcount/__pycache__/views.cpython-36.pyc
        new file:   wordcount/__pycache__/wsgi.cpython-36.pyc
        new file:   wordcount/settings.py
        new file:   wordcount/urls.py
        new file:   wordcount/views.py
        new file:   wordcount/wsgi.py


C:\Users\knnae\Django\Udemy\wordcount-project>git -m "Dette er første commit"
unknown option: -m
usage: git [--version] [--help] [-C <path>] [-c <name>=<value>]
           [--exec-path[=<path>]] [--html-path] [--man-path] [--info-path]
           [-p | --paginate | -P | --no-pager] [--no-replace-objects] [--bare]
           [--git-dir=<path>] [--work-tree=<path>] [--namespace=<name>]
           <command> [<args>]

C:\Users\knnae\Django\Udemy\wordcount-project>git commit -m "Dette er første commit"

*** Please tell me who you are.

Run

  git config --global user.email "you@example.com"
  git config --global user.name "Your Name"

to set your account's default identity.
Omit --global to set the identity only in this repository.

fatal: unable to auto-detect email address (got 'knnae@DESKTOP-UQO7HTL.(none)')

C:\Users\knnae\Django\Udemy\wordcount-project>git status
On branch master

No commits yet

Changes to be committed:
  (use "git rm --cached <file>..." to unstage)
        new file:   db.sqlite3
        new file:   manage.py
        new file:   templates/about.html
        new file:   templates/count.html
        new file:   templates/home.html
        new file:   wordcount/__init__.py
        new file:   wordcount/__pycache__/__init__.cpython-36.pyc
        new file:   wordcount/__pycache__/settings.cpython-36.pyc
        new file:   wordcount/__pycache__/urls.cpython-36.pyc
        new file:   wordcount/__pycache__/views.cpython-36.pyc
        new file:   wordcount/__pycache__/wsgi.cpython-36.pyc
        new file:   wordcount/settings.py
        new file:   wordcount/urls.py
        new file:   wordcount/views.py
        new file:   wordcount/wsgi.py


C:\Users\knnae\Django\Udemy\wordcount-project>git status
On branch master

No commits yet

Changes to be committed:
  (use "git rm --cached <file>..." to unstage)
        new file:   db.sqlite3
        new file:   manage.py
        new file:   templates/about.html
        new file:   templates/count.html
        new file:   templates/home.html
        new file:   wordcount/__init__.py
        new file:   wordcount/__pycache__/__init__.cpython-36.pyc
        new file:   wordcount/__pycache__/settings.cpython-36.pyc
        new file:   wordcount/__pycache__/urls.cpython-36.pyc
        new file:   wordcount/__pycache__/views.cpython-36.pyc
        new file:   wordcount/__pycache__/wsgi.cpython-36.pyc
        new file:   wordcount/settings.py
        new file:   wordcount/urls.py
        new file:   wordcount/views.py
        new file:   wordcount/wsgi.py

Changes not staged for commit:
  (use "git add <file>..." to update what will be committed)
  (use "git restore <file>..." to discard changes in working directory)
        modified:   templates/about.html


C:\Users\knnae\Django\Udemy\wordcount-project>



C:\Users\knnae\Django\Udemy\wordcount-project>git add -A

C:\Users\knnae\Django\Udemy\wordcount-project>git status
On branch master

No commits yet

Changes to be committed:
  (use "git rm --cached <file>..." to unstage)
        new file:   db.sqlite3
        new file:   manage.py
        new file:   templates/about.html
        new file:   templates/count.html
        new file:   templates/home.html
        new file:   wordcount/__init__.py
        new file:   wordcount/__pycache__/__init__.cpython-36.pyc
        new file:   wordcount/__pycache__/settings.cpython-36.pyc
        new file:   wordcount/__pycache__/urls.cpython-36.pyc
        new file:   wordcount/__pycache__/views.cpython-36.pyc
        new file:   wordcount/__pycache__/wsgi.cpython-36.pyc
        new file:   wordcount/settings.py
        new file:   wordcount/urls.py
        new file:   wordcount/views.py
        new file:   wordcount/wsgi.py


C:\Users\knnae\Django\Udemy\wordcount-project>git commit -m "h1 til h2"

*** Please tell me who you are.

Run

  git config --global user.email "you@example.com"
  git config --global user.name "Your Name"

to set your account's default identity.
Omit --global to set the identity only in this repository.

fatal: unable to auto-detect email address (got 'knnae@DESKTOP-UQO7HTL.(none)')

C:\Users\knnae\Django\Udemy\wordcount-project>git config --global user.mail "knnaesje@online.no"

C:\Users\knnae\Django\Udemy\wordcount-project>git config --global user.name "idaoknn"

C:\Users\knnae\Django\Udemy\wordcount-project>git add -A

C:\Users\knnae\Django\Udemy\wordcount-project>git status
On branch master

No commits yet

Changes to be committed:
  (use "git rm --cached <file>..." to unstage)
        new file:   db.sqlite3
        new file:   manage.py
        new file:   templates/about.html
        new file:   templates/count.html
        new file:   templates/home.html
        new file:   wordcount/__init__.py
        new file:   wordcount/__pycache__/__init__.cpython-36.pyc
        new file:   wordcount/__pycache__/settings.cpython-36.pyc
        new file:   wordcount/__pycache__/urls.cpython-36.pyc
        new file:   wordcount/__pycache__/views.cpython-36.pyc
        new file:   wordcount/__pycache__/wsgi.cpython-36.pyc
        new file:   wordcount/settings.py
        new file:   wordcount/urls.py
        new file:   wordcount/views.py
        new file:   wordcount/wsgi.py


C:\Users\knnae\Django\Udemy\wordcount-project>git commit -m "h1 til h2"

*** Please tell me who you are.

Run

  git config --global user.email "you@example.com"
  git config --global user.name "Your Name"

to set your account's default identity.
Omit --global to set the identity only in this repository.

fatal: unable to auto-detect email address (got 'knnae@DESKTOP-UQO7HTL.(none)')

C:\Users\knnae\Django\Udemy\wordcount-project>

git config user.mail "knnaesje@online.no"
git config user.name "idaoknn"


C:\Users\knnae\Django\Udemy\wordcount-project>git config user.mail "knnaesje@online.no"

C:\Users\knnae\Django\Udemy\wordcount-project>git config user.name "idaoknn"

C:\Users\knnae\Django\Udemy\wordcount-project>git add -A

C:\Users\knnae\Django\Udemy\wordcount-project>git commit -m "Dette er første commit"
[master (root-commit) 72d3e1c] Dette er første commit
 15 files changed, 227 insertions(+)
 create mode 100644 db.sqlite3
 create mode 100644 manage.py
 create mode 100644 templates/about.html
 create mode 100644 templates/count.html
 create mode 100644 templates/home.html
 create mode 100644 wordcount/__init__.py
 create mode 100644 wordcount/__pycache__/__init__.cpython-36.pyc
 create mode 100644 wordcount/__pycache__/settings.cpython-36.pyc
 create mode 100644 wordcount/__pycache__/urls.cpython-36.pyc
 create mode 100644 wordcount/__pycache__/views.cpython-36.pyc
 create mode 100644 wordcount/__pycache__/wsgi.cpython-36.pyc
 create mode 100644 wordcount/settings.py
 create mode 100644 wordcount/urls.py
 create mode 100644 wordcount/views.py
 create mode 100644 wordcount/wsgi.py

C:\Users\knnae\Django\Udemy\wordcount-project>git status
On branch master
nothing to commit, working tree clean

C:\Users\knnae\Django\Udemy\wordcount-project>git add -A

C:\Users\knnae\Django\Udemy\wordcount-project>git status
On branch master
Changes to be committed:
  (use "git restore --staged <file>..." to unstage)
        modified:   templates/about.html


C:\Users\knnae\Django\Udemy\wordcount-project>git -m "Endret about.html"
unknown option: -m
usage: git [--version] [--help] [-C <path>] [-c <name>=<value>]
           [--exec-path[=<path>]] [--html-path] [--man-path] [--info-path]
           [-p | --paginate | -P | --no-pager] [--no-replace-objects] [--bare]
           [--git-dir=<path>] [--work-tree=<path>] [--namespace=<name>]
           <command> [<args>]

C:\Users\knnae\Django\Udemy\wordcount-project>git commit -m "Endret about.html"
[master 38d4aaa] Endret about.html
 1 file changed, 5 insertions(+), 1 deletion(-)

C:\Users\knnae\Django\Udemy\wordcount-project>git remote add origin https://github.com/idaoknn/wordcount-project.git

C:\Users\knnae\Django\Udemy\wordcount-project>git push -u origin master
Enumerating objects: 31, done.
Counting objects: 100% (31/31), done.
Delta compression using up to 8 threads
Compressing objects: 100% (29/29), done.
Writing objects: 100% (31/31), 7.61 KiB | 974.00 KiB/s, done.
Total 31 (delta 5), reused 0 (delta 0)
remote: Resolving deltas: 100% (5/5), done.
To https://github.com/idaoknn/wordcount-project.git
 * [new branch]      master -> master
Branch 'master' set up to track remote branch 'master' from 'origin'.

C:\Users\knnae\Django\Udemy\wordcount-project>


For å aktivere virtual environment, skrv => C:\Users\knnae\Django\Tutorial\webDj\env\Scripts\activate

C:\Users\knnae\Django\Udemy\wordcount-project>cd ..

C:\Users\knnae\Django\Udemy>C:\Users\knnae\Django\Tutorial\webDj\env\Scripts\activate

(env) C:\Users\knnae\Django\Udemy>


(env) C:\Users\knnae\Django\Udemy>django-admin startproject portfolio

(env) C:\Users\knnae\Django\Udemy>cd portfolo
The system cannot find the path specified.

(env) C:\Users\knnae\Django\Udemy>cd portfolio

(env) C:\Users\knnae\Django\Udemy\portfolio>python manage runserver
python: can't open file 'manage': [Errno 2] No such file or directory

(env) C:\Users\knnae\Django\Udemy\portfolio>pip install django==2.0.2
Requirement already satisfied: django==2.0.2 in c:\users\knnae\anaconda3\lib\site-packages (2.0.2)
Requirement already satisfied: pytz in c:\users\knnae\anaconda3\lib\site-packages (from django==2.0.2) (2016.10)

(env) C:\Users\knnae\Django\Udemy\portfolio>

gitignore file lages før server settes igang



(env) C:\Users\knnae\Django\Udemy\portfolio>git init
Initialized empty Git repository in C:/Users/knnae/Django/Udemy/portfolio/.git/

(env) C:\Users\knnae\Django\Udemy\portfolio>git status
On branch master

No commits yet

Untracked files:
  (use "git add <file>..." to include in what will be committed)
        .gitignore
        kommandoer brukt.txt
        manage.py
        portfolio/

nothing added to commit but untracked files present (use "git add" to track)

(env) C:\Users\knnae\Django\Udemy\portfolio>git add -A

(env) C:\Users\knnae\Django\Udemy\portfolio>git commit "Den første"
error: pathspec 'Den første' did not match any file(s) known to git

(env) C:\Users\knnae\Django\Udemy\portfolio>git commit -m "Den første"
[master (root-commit) 6c1a16f] Den første
 7 files changed, 604 insertions(+)
 create mode 100644 .gitignore
 create mode 100644 kommandoer brukt.txt
 create mode 100644 manage.py
 create mode 100644 portfolio/__init__.py
 create mode 100644 portfolio/settings.py
 create mode 100644 portfolio/urls.py
 create mode 100644 portfolio/wsgi.py

(env) C:\Users\knnae\Django\Udemy\portfolio>python manage.py runserver
Performing system checks...

System check identified no issues (0 silenced).

You have 14 unapplied migration(s). Your project may not work properly until you apply the migrations for app(s): admin, auth, contenttypes, sessions.
Run 'python manage.py migrate' to apply them.
December 13, 2019 - 15:33:59
Django version 2.0.2, using settings 'portfolio.settings'
Starting development server at http://127.0.0.1:8000/
Quit the server with CTRL-BREAK.
[13/Dec/2019 15:35:59] "GET / HTTP/1.1" 200 16348
[13/Dec/2019 15:35:59] "GET /static/admin/css/fonts.css HTTP/1.1" 200 423
[13/Dec/2019 15:35:59] "GET /static/admin/fonts/Roboto-Regular-webfont.woff HTTP/1.1" 200 80304
[13/Dec/2019 15:35:59] "GET /static/admin/fonts/Roboto-Light-webfont.woff HTTP/1.1" 200 81348
[13/Dec/2019 15:35:59] "GET /static/admin/fonts/Roboto-Bold-webfont.woff HTTP/1.1" 200 82564
Not Found: /about/
[13/Dec/2019 15:36:05] "GET /about/ HTTP/1.1" 404 1960

(env) C:\Users\knnae\Django\Udemy\portfolio>cd..

(env) C:\Users\knnae\Django\Udemy>cd portfolio-project

(env) C:\Users\knnae\Django\Udemy\portfolio-project>python manage.py runserver
Performing system checks...

System check identified no issues (0 silenced).

You have 14 unapplied migration(s). Your project may not work properly until you apply the migrations for app(s): admin, auth, contenttypes, sessions.
Run 'python manage.py migrate' to apply them.
December 13, 2019 - 15:43:11
Django version 2.0.2, using settings 'portfolio.settings'
Starting development server at http://127.0.0.1:8000/
Quit the server with CTRL-BREAK.

(env) C:\Users\knnae\Django\Udemy\portfolio-project>python manage.py startapp bøog

(env) C:\Users\knnae\Django\Udemy\portfolio-project>python manage.py startapp blog

(env) C:\Users\knnae\Django\Udemy\portfolio-project>python manage.py startapp jobs

(env) C:\Users\knnae\Django\Udemy\portfolio-project>git add -A

(env) C:\Users\knnae\Django\Udemy\portfolio-project>git commit -m "Lagt til blog og jobs app"
[master edf8c1b] Lagt til blog og jobs app
 15 files changed, 36 insertions(+)
 create mode 100644 blog/__init__.py
 create mode 100644 blog/admin.py
 create mode 100644 blog/apps.py
 create mode 100644 blog/migrations/__init__.py
 create mode 100644 blog/models.py
 create mode 100644 blog/tests.py
 create mode 100644 blog/views.py
 create mode 100644 jobs/__init__.py
 create mode 100644 jobs/admin.py
 create mode 100644 jobs/apps.py
 create mode 100644 jobs/migrations/__init__.py
 create mode 100644 jobs/models.py
 create mode 100644 jobs/tests.py
 create mode 100644 jobs/views.py

(env) C:\Users\knnae\Django\Udemy\portfolio-project>


(env) C:\Users\knnae\Django\Udemy\portfolio-project>python manage.py migrate
Operations to perform:
  Apply all migrations: admin, auth, contenttypes, sessions
Running migrations:
  Applying contenttypes.0001_initial... OK
  Applying auth.0001_initial... OK
  Applying admin.0001_initial... OK
  Applying admin.0002_logentry_remove_auto_add... OK
  Applying contenttypes.0002_remove_content_type_name... OK
  Applying auth.0002_alter_permission_name_max_length... OK
  Applying auth.0003_alter_user_email_max_length... OK
  Applying auth.0004_alter_user_username_opts... OK
  Applying auth.0005_alter_user_last_login_null... OK
  Applying auth.0006_require_contenttypes_0002... OK
  Applying auth.0007_alter_validators_add_error_messages... OK
  Applying auth.0008_alter_user_username_max_length... OK
  Applying auth.0009_alter_user_last_name_max_length... OK
  Applying sessions.0001_initial... OK

(env) C:\Users\knnae\Django\Udemy\portfolio-project>python manage.py makemigrations
No changes detected

(env) C:\Users\knnae\Django\Udemy\portfolio-project>python manage.py makemigrations
Traceback (most recent call last):
  File "manage.py", line 15, in <module>
    execute_from_command_line(sys.argv)
  File "C:\Users\knnae\Anaconda3\lib\site-packages\django\core\management\__init__.py", line 371, in execute_from_command_line
    utility.execute()
  File "C:\Users\knnae\Anaconda3\lib\site-packages\django\core\management\__init__.py", line 347, in execute
    django.setup()
  File "C:\Users\knnae\Anaconda3\lib\site-packages\django\__init__.py", line 24, in setup
    apps.populate(settings.INSTALLED_APPS)
  File "C:\Users\knnae\Anaconda3\lib\site-packages\django\apps\registry.py", line 112, in populate
    app_config.import_models()
  File "C:\Users\knnae\Anaconda3\lib\site-packages\django\apps\config.py", line 198, in import_models
    self.models_module = import_module(models_module_name)
  File "C:\Users\knnae\Anaconda3\lib\importlib\__init__.py", line 126, in import_module
    return _bootstrap._gcd_import(name[level:], package, level)
  File "<frozen importlib._bootstrap>", line 978, in _gcd_import
  File "<frozen importlib._bootstrap>", line 961, in _find_and_load
  File "<frozen importlib._bootstrap>", line 950, in _find_and_load_unlocked
  File "<frozen importlib._bootstrap>", line 655, in _load_unlocked
  File "<frozen importlib._bootstrap_external>", line 674, in exec_module
  File "<frozen importlib._bootstrap_external>", line 781, in get_code
  File "<frozen importlib._bootstrap_external>", line 741, in source_to_code
  File "<frozen importlib._bootstrap>", line 205, in _call_with_frames_removed
  File "C:\Users\knnae\Django\Udemy\portfolio-project\jobs\models.py", line 7
    summary = models.CharField(max_length=200)
                                             ^
TabError: inconsistent use of tabs and spaces in indentation

(env) C:\Users\knnae\Django\Udemy\portfolio-project>python manage.py makemigrations
Traceback (most recent call last):
  File "manage.py", line 15, in <module>
    execute_from_command_line(sys.argv)
  File "C:\Users\knnae\Anaconda3\lib\site-packages\django\core\management\__init__.py", line 371, in execute_from_command_line
    utility.execute()
  File "C:\Users\knnae\Anaconda3\lib\site-packages\django\core\management\__init__.py", line 347, in execute
    django.setup()
  File "C:\Users\knnae\Anaconda3\lib\site-packages\django\__init__.py", line 24, in setup
    apps.populate(settings.INSTALLED_APPS)
  File "C:\Users\knnae\Anaconda3\lib\site-packages\django\apps\registry.py", line 112, in populate
    app_config.import_models()
  File "C:\Users\knnae\Anaconda3\lib\site-packages\django\apps\config.py", line 198, in import_models
    self.models_module = import_module(models_module_name)
  File "C:\Users\knnae\Anaconda3\lib\importlib\__init__.py", line 126, in import_module
    return _bootstrap._gcd_import(name[level:], package, level)
  File "<frozen importlib._bootstrap>", line 978, in _gcd_import
  File "<frozen importlib._bootstrap>", line 961, in _find_and_load
  File "<frozen importlib._bootstrap>", line 950, in _find_and_load_unlocked
  File "<frozen importlib._bootstrap>", line 655, in _load_unlocked
  File "<frozen importlib._bootstrap_external>", line 678, in exec_module
  File "<frozen importlib._bootstrap>", line 205, in _call_with_frames_removed
  File "C:\Users\knnae\Django\Udemy\portfolio-project\jobs\models.py", line 5, in <module>
    class Job(models.Model):
  File "C:\Users\knnae\Django\Udemy\portfolio-project\jobs\models.py", line 6, in Job
    image = models.ImgeField(upload_to='images/')
AttributeError: module 'django.db.models' has no attribute 'ImgeField'

(env) C:\Users\knnae\Django\Udemy\portfolio-project>python manage.py makemigrations
Migrations for 'jobs':
  jobs\migrations\0001_initial.py
    - Create model Job

(env) C:\Users\knnae\Django\Udemy\portfolio-project>python manage.py migrate
Operations to perform:
  Apply all migrations: admin, auth, contenttypes, jobs, sessions
Running migrations:
  Applying jobs.0001_initial... OK

(env) C:\Users\knnae\Django\Udemy\portfolio-project>python manage.py migrate
Operations to perform:
  Apply all migrations: admin, auth, contenttypes, jobs, sessions
Running migrations:
  No migrations to apply.

(env) C:\Users\knnae\Django\Udemy\portfolio-project>




